// Jest Snapshot v1, https://goo.gl/fbAQLP

exports[`Input Renders without crashing given required props 1`] = `[Function]`;
